// Jest Snapshot v1, https://goo.gl/fbAQLP

exports[`<DirectoryPage /> styled component snapshot tests Should match the stored <DirectoryPageContainer /> snapshot 1`] = `
<div
  className=""
/>
`;
