// Jest Snapshot v1, https://goo.gl/fbAQLP

exports[`Dashboard Page Styled Components Should match the stored <DashboardPageContainer /> snapshot 1`] = `
<div
  className=""
/>
`;
