// Jest Snapshot v1, https://goo.gl/fbAQLP

exports[`FlashMessage Styled Components Should match the stored <FlashMessageContainer /> snapshot 1`] = `
<div
  className=""
/>
`;
